<?xml version="1.0" encoding="UTF-8"?>
<testsuites>
  <testsuite name="C:\Users\mail\Development\operaton-dmn-evaluator\tests" tests="29" assertions="117" errors="0" warnings="0" failures="0" skipped="0" time="0.014752">
    <testsuite name="Operaton\DMN\Tests\Integration\FormSubmissionTest" file="C:\Users\mail\Development\operaton-dmn-evaluator\tests\integration\FormSubmissionTest.php" tests="3" assertions="9" errors="0" warnings="0" failures="0" skipped="0" time="0.009259">
      <testcase name="testCompleteFormSubmissionFlow" class="Operaton\DMN\Tests\Integration\FormSubmissionTest" classname="Operaton.DMN.Tests.Integration.FormSubmissionTest" file="C:\Users\mail\Development\operaton-dmn-evaluator\tests\integration\FormSubmissionTest.php" line="27" assertions="5" time="0.007997"/>
      <testcase name="testErrorHandlingInIntegration" class="Operaton\DMN\Tests\Integration\FormSubmissionTest" classname="Operaton.DMN.Tests.Integration.FormSubmissionTest" file="C:\Users\mail\Development\operaton-dmn-evaluator\tests\integration\FormSubmissionTest.php" line="58" assertions="2" time="0.001141"/>
      <testcase name="testMultipleFormsIntegration" class="Operaton\DMN\Tests\Integration\FormSubmissionTest" classname="Operaton.DMN.Tests.Integration.FormSubmissionTest" file="C:\Users\mail\Development\operaton-dmn-evaluator\tests\integration\FormSubmissionTest.php" line="71" assertions="2" time="0.000121"/>
    </testsuite>
    <testsuite name="Operaton\DMN\Tests\Unit\DmnApiTest" file="C:\Users\mail\Development\operaton-dmn-evaluator\tests\unit\DmnApiTest.php" tests="10" assertions="19" errors="0" warnings="0" failures="0" skipped="0" time="0.001560">
      <testcase name="testApiManagerExists" class="Operaton\DMN\Tests\Unit\DmnApiTest" classname="Operaton.DMN.Tests.Unit.DmnApiTest" file="C:\Users\mail\Development\operaton-dmn-evaluator\tests\unit\DmnApiTest.php" line="34" assertions="1" time="0.000369"/>
      <testcase name="testEvaluateDmnWithValidData" class="Operaton\DMN\Tests\Unit\DmnApiTest" classname="Operaton.DMN.Tests.Unit.DmnApiTest" file="C:\Users\mail\Development\operaton-dmn-evaluator\tests\unit\DmnApiTest.php" line="39" assertions="5" time="0.000089"/>
      <testcase name="testEvaluateDmnWithEmptyDataThrowsException" class="Operaton\DMN\Tests\Unit\DmnApiTest" classname="Operaton.DMN.Tests.Unit.DmnApiTest" file="C:\Users\mail\Development\operaton-dmn-evaluator\tests\unit\DmnApiTest.php" line="56" assertions="2" time="0.000065"/>
      <testcase name="testEvaluateDmnWithLowIncomeReturnsRejection" class="Operaton\DMN\Tests\Unit\DmnApiTest" classname="Operaton.DMN.Tests.Unit.DmnApiTest" file="C:\Users\mail\Development\operaton-dmn-evaluator\tests\unit\DmnApiTest.php" line="64" assertions="2" time="0.000048"/>
      <testcase name="testEvaluateDmnWithConditionalApproval" class="Operaton\DMN\Tests\Unit\DmnApiTest" classname="Operaton.DMN.Tests.Unit.DmnApiTest" file="C:\Users\mail\Development\operaton-dmn-evaluator\tests\unit\DmnApiTest.php" line="78" assertions="3" time="0.000279"/>
      <testcase name="testValidateApiKeyWithValidKey" class="Operaton\DMN\Tests\Unit\DmnApiTest" classname="Operaton.DMN.Tests.Unit.DmnApiTest" file="C:\Users\mail\Development\operaton-dmn-evaluator\tests\unit\DmnApiTest.php" line="93" assertions="1" time="0.000266"/>
      <testcase name="testValidateApiKeyWithInvalidKey" class="Operaton\DMN\Tests\Unit\DmnApiTest" classname="Operaton.DMN.Tests.Unit.DmnApiTest" file="C:\Users\mail\Development\operaton-dmn-evaluator\tests\unit\DmnApiTest.php" line="99" assertions="1" time="0.000269"/>
      <testcase name="testTestConnectionWhenHealthy" class="Operaton\DMN\Tests\Unit\DmnApiTest" classname="Operaton.DMN.Tests.Unit.DmnApiTest" file="C:\Users\mail\Development\operaton-dmn-evaluator\tests\unit\DmnApiTest.php" line="105" assertions="1" time="0.000066"/>
      <testcase name="testTestConnectionWithError" class="Operaton\DMN\Tests\Unit\DmnApiTest" classname="Operaton.DMN.Tests.Unit.DmnApiTest" file="C:\Users\mail\Development\operaton-dmn-evaluator\tests\unit\DmnApiTest.php" line="110" assertions="1" time="0.000045"/>
      <testcase name="testCustomMockResponse" class="Operaton\DMN\Tests\Unit\DmnApiTest" classname="Operaton.DMN.Tests.Unit.DmnApiTest" file="C:\Users\mail\Development\operaton-dmn-evaluator\tests\unit\DmnApiTest.php" line="116" assertions="2" time="0.000063"/>
    </testsuite>
    <testsuite name="Operaton\DMN\Tests\Unit\DmnDatabaseTest" file="C:\Users\mail\Development\operaton-dmn-evaluator\tests\unit\DmnDatabaseTest.php" tests="4" assertions="10" errors="0" warnings="0" failures="0" skipped="0" time="0.001034">
      <testcase name="testLogEvaluation" class="Operaton\DMN\Tests\Unit\DmnDatabaseTest" classname="Operaton.DMN.Tests.Unit.DmnDatabaseTest" file="C:\Users\mail\Development\operaton-dmn-evaluator\tests\unit\DmnDatabaseTest.php" line="23" assertions="2" time="0.000070"/>
      <testcase name="testLogPerformanceMetrics" class="Operaton\DMN\Tests\Unit\DmnDatabaseTest" classname="Operaton.DMN.Tests.Unit.DmnDatabaseTest" file="C:\Users\mail\Development\operaton-dmn-evaluator\tests\unit\DmnDatabaseTest.php" line="39" assertions="2" time="0.000050"/>
      <testcase name="testGetEvaluations" class="Operaton\DMN\Tests\Unit\DmnDatabaseTest" classname="Operaton.DMN.Tests.Unit.DmnDatabaseTest" file="C:\Users\mail\Development\operaton-dmn-evaluator\tests\unit\DmnDatabaseTest.php" line="54" assertions="3" time="0.000056"/>
      <testcase name="testCleanupOldData" class="Operaton\DMN\Tests\Unit\DmnDatabaseTest" classname="Operaton.DMN.Tests.Unit.DmnDatabaseTest" file="C:\Users\mail\Development\operaton-dmn-evaluator\tests\unit\DmnDatabaseTest.php" line="76" assertions="3" time="0.000857"/>
    </testsuite>
    <testsuite name="Operaton\DMN\Tests\Unit\ErrorHandlingTest" file="C:\Users\mail\Development\operaton-dmn-evaluator\tests\unit\ErrorHandlingTest.php" tests="2" assertions="10" errors="0" warnings="0" failures="0" skipped="0" time="0.000945">
      <testcase name="testNetworkTimeoutHandling" class="Operaton\DMN\Tests\Unit\ErrorHandlingTest" classname="Operaton.DMN.Tests.Unit.ErrorHandlingTest" file="C:\Users\mail\Development\operaton-dmn-evaluator\tests\unit\ErrorHandlingTest.php" line="15" assertions="6" time="0.000061"/>
      <testcase name="testInvalidDataHandling" class="Operaton\DMN\Tests\Unit\ErrorHandlingTest" classname="Operaton.DMN.Tests.Unit.ErrorHandlingTest" file="C:\Users\mail\Development\operaton-dmn-evaluator\tests\unit\ErrorHandlingTest.php" line="58" assertions="4" time="0.000885"/>
    </testsuite>
    <testsuite name="Operaton\DMN\Tests\Unit\PerformanceTest" file="C:\Users\mail\Development\operaton-dmn-evaluator\tests\unit\PerformanceTest.php" tests="3" assertions="4" errors="0" warnings="0" failures="0" skipped="0" time="0.000217">
      <testcase name="testSingleEvaluationPerformance" class="Operaton\DMN\Tests\Unit\PerformanceTest" classname="Operaton.DMN.Tests.Unit.PerformanceTest" file="C:\Users\mail\Development\operaton-dmn-evaluator\tests\unit\PerformanceTest.php" line="23" assertions="2" time="0.000069"/>
      <testcase name="testMultipleEvaluationsPerformance" class="Operaton\DMN\Tests\Unit\PerformanceTest" classname="Operaton.DMN.Tests.Unit.PerformanceTest" file="C:\Users\mail\Development\operaton-dmn-evaluator\tests\unit\PerformanceTest.php" line="36" assertions="1" time="0.000078"/>
      <testcase name="testMemoryUsage" class="Operaton\DMN\Tests\Unit\PerformanceTest" classname="Operaton.DMN.Tests.Unit.PerformanceTest" file="C:\Users\mail\Development\operaton-dmn-evaluator\tests\unit\PerformanceTest.php" line="55" assertions="1" time="0.000069"/>
    </testsuite>
    <testsuite name="Operaton\DMN\Tests\Unit\SecurityTest" file="C:\Users\mail\Development\operaton-dmn-evaluator\tests\unit\SecurityTest.php" tests="4" assertions="45" errors="0" warnings="0" failures="0" skipped="0" time="0.001566">
      <testcase name="testSqlInjectionPrevention" class="Operaton\DMN\Tests\Unit\SecurityTest" classname="Operaton.DMN.Tests.Unit.SecurityTest" file="C:\Users\mail\Development\operaton-dmn-evaluator\tests\unit\SecurityTest.php" line="15" assertions="16" time="0.001139"/>
      <testcase name="testXssPrevention" class="Operaton\DMN\Tests\Unit\SecurityTest" classname="Operaton.DMN.Tests.Unit.SecurityTest" file="C:\Users\mail\Development\operaton-dmn-evaluator\tests\unit\SecurityTest.php" line="34" assertions="16" time="0.000109"/>
      <testcase name="testApiKeyValidation" class="Operaton\DMN\Tests\Unit\SecurityTest" classname="Operaton.DMN.Tests.Unit.SecurityTest" file="C:\Users\mail\Development\operaton-dmn-evaluator\tests\unit\SecurityTest.php" line="53" assertions="7" time="0.000153"/>
      <testcase name="testDataSanitizationEdgeCases" class="Operaton\DMN\Tests\Unit\SecurityTest" classname="Operaton.DMN.Tests.Unit.SecurityTest" file="C:\Users\mail\Development\operaton-dmn-evaluator\tests\unit\SecurityTest.php" line="79" assertions="6" time="0.000164"/>
    </testsuite>
    <testsuite name="Operaton\DMN\Tests\Unit\ValidationTest" file="C:\Users\mail\Development\operaton-dmn-evaluator\tests\unit\ValidationTest.php" tests="3" assertions="20" errors="0" warnings="0" failures="0" skipped="0" time="0.000171">
      <testcase name="testEmailValidation" class="Operaton\DMN\Tests\Unit\ValidationTest" classname="Operaton.DMN.Tests.Unit.ValidationTest" file="C:\Users\mail\Development\operaton-dmn-evaluator\tests\unit\ValidationTest.php" line="15" assertions="7" time="0.000076"/>
      <testcase name="testAgeValidation" class="Operaton\DMN\Tests\Unit\ValidationTest" classname="Operaton.DMN.Tests.Unit.ValidationTest" file="C:\Users\mail\Development\operaton-dmn-evaluator\tests\unit\ValidationTest.php" line="41" assertions="9" time="0.000050"/>
      <testcase name="testIncomeValidation" class="Operaton\DMN\Tests\Unit\ValidationTest" classname="Operaton.DMN.Tests.Unit.ValidationTest" file="C:\Users\mail\Development\operaton-dmn-evaluator\tests\unit\ValidationTest.php" line="57" assertions="4" time="0.000045"/>
    </testsuite>
  </testsuite>
</testsuites>
